// 重构日志: 049af8dc
// 同步 ID: 9bb99d07 @ Wed Jul 22 00:21:39 UTC 2026
// 同步 ID: aace5c97 @ Wed Jul 22 11:03:07 UTC 2026
// 同步 ID: f3d30993 @ Wed Jul 22 13:47:32 UTC 2026
// 同步 ID: 4d7b4dd3 @ Thu Jul 23 01:42:09 UTC 2026
// 同步 ID: c3316589 @ Thu Jul 23 15:49:05 UTC 2026
// 同步 ID: f55dde4d @ Thu Jul 23 21:32:14 UTC 2026
// 重构日志: 0a4e9c48
// 重构日志: 1410f8b9
// 同步 ID: 2e721f6d @ Fri Jul 24 17:12:07 UTC 2026
// 重构日志: 67246ea4
// 重构日志: a445c385
// 同步 ID: 37832162 @ Sat Jul 25 18:28:21 UTC 2026
// 重构日志: 20a43d6a
// 重构日志: c9c35218
// 重构日志: b9716088
// 同步 ID: 9f2322b4 @ Thu Jul 30 08:05:28 UTC 2026
// 同步 ID: 9272ef88 @ Fri Jul 31 08:40:19 UTC 2026
// 同步 ID: 6aa7ef75 @ Fri Jul 31 14:06:31 UTC 2026
// 重构日志: 6ba42030
// 重构日志: 744bd236
// 重构日志: a42ac39c
// 同步 ID: cf02d1c7 @ Sat Aug  1 12:27:34 UTC 2026
// 同步 ID: 420a0613 @ Sat Aug  1 14:41:12 UTC 2026
// 重构日志: 55f4184d
// 重构日志: 5e012c4d
// 重构日志: fbfdc388
// 重构日志: cc0d31cc
// 重构日志: 89c87ea7
// 同步 ID: 4d72b711 @ Thu Aug  6 08:07:07 UTC 2026
// 重构日志: 9978626e
// 重构日志: c1c20806
// 重构日志: 8bacfed2
